// Jest Snapshot v1, https://goo.gl/fbAQLP

exports[`Should render ExpenseList with expenses 1`] = `
<div>
  <ExpenseListItem
    amount={250}
    createdAt={0}
    description="coffee"
    id="1"
    key="1"
    note=""
  />
  <ExpenseListItem
    amount={1000}
    createdAt={-345600000}
    description="water"
    id="2"
    key="2"
    note=""
  />
  <ExpenseListItem
    amount={125}
    createdAt={345600000}
    description="monster"
    id="3"
    key="3"
    note=""
  />
</div>
`;

exports[`Should render ExpenseList with with emty message 1`] = `
<div>
  <p>
    No Expenses
  </p>
</div>
`;
